// Jest Snapshot v1, https://goo.gl/fbAQLP

exports[`should render EditExpensePage correctly 1`] = `
<div>
  <h1>
    This is my edit expense component
  </h1>
  <p>
    Editing item with the id of 
  </p>
  <ExpenseForm
    expense={
      Object {
        "amount": 100,
        "createdAt": 0,
        "description": "Gum",
        "id": "1",
      }
    }
    onSubmit={[Function]}
  />
  <button
    onClick={[Function]}
  >
    Remove
  </button>
</div>
`;
